// Jest Snapshot v1, https://goo.gl/fbAQLP

exports[`matches snapshots 1`] = `
<div
  className="primary_favorite"
  data-testid="favorite"
  onClick={[Function]}
>
  <svg
    className="primary_favorite_icon"
    fill="currentColor"
    height="1em"
    style={
      Object {
        "height": "2.6rem",
        "width": "2.6rem",
      }
    }
    viewBox="0 0 16 16"
    width="1em"
    xmlns="http://www.w3.org/2000/svg"
  >
    <path
      d="M8 2.748l-.717-.737C5.6.281 2.514.878 1.4 3.053c-.523 1.023-.641 2.5.314 4.385.92 1.815 2.834 3.989 6.286 6.357 3.452-2.368 5.365-4.542 6.286-6.357.955-1.886.838-3.362.314-4.385C13.486.878 10.4.28 8.717 2.01L8 2.748zM8 15C-7.333 4.868 3.279-3.04 7.824 1.143c.06.055.119.112.176.171a3.12 3.12 0 0 1 .176-.17C12.72-3.042 23.333 4.867 8 15z"
    />
  </svg>
  <div
    className="primary_favorite_counter"
    style={
      Object {
        "height": "2rem",
        "lineHeight": "2rem",
        "width": "2rem",
      }
    }
  >
    20
  </div>
</div>
`;
